------------------------------------------------------------
Timing Analyzer Summary
------------------------------------------------------------

Type  : Slow 1100mV 85C Model Setup 'clk'
Slack : -3.782
TNS   : -29.998

Type  : Slow 1100mV 85C Model Hold 'clk'
Slack : 0.549
TNS   : 0.000

Type  : Slow 1100mV 85C Model Minimum Pulse Width 'clk'
Slack : 3.953
TNS   : 0.000

Type  : Slow 1100mV 0C Model Setup 'clk'
Slack : -3.639
TNS   : -29.307

Type  : Slow 1100mV 0C Model Hold 'clk'
Slack : 0.593
TNS   : 0.000

Type  : Slow 1100mV 0C Model Minimum Pulse Width 'clk'
Slack : 3.884
TNS   : 0.000

Type  : Fast 1100mV 85C Model Setup 'clk'
Slack : 2.627
TNS   : 0.000

Type  : Fast 1100mV 85C Model Hold 'clk'
Slack : 0.181
TNS   : 0.000

Type  : Fast 1100mV 85C Model Minimum Pulse Width 'clk'
Slack : 4.402
TNS   : 0.000

Type  : Fast 1100mV 0C Model Setup 'clk'
Slack : 2.926
TNS   : 0.000

Type  : Fast 1100mV 0C Model Hold 'clk'
Slack : 0.171
TNS   : 0.000

Type  : Fast 1100mV 0C Model Minimum Pulse Width 'clk'
Slack : 4.395
TNS   : 0.000

------------------------------------------------------------
